15:37:20.979 [main] INFO  org.testng.internal.Utils - [Utils] MethodGroupsHelper.sortMethods() took 0 ms.
15:37:21.003 [main] INFO  org.testng.internal.Utils - [Utils] MethodGroupsHelper.collectMethodsByGroup() took 0 ms.
15:37:21.003 [main] INFO  org.testng.internal.Utils - [Utils] MethodGroupsHelper.sortMethods() took 0 ms.
15:37:21.004 [main] INFO  org.testng.internal.Utils - [Utils] MethodGroupsHelper.collectMethodsByGroup() took 0 ms.
15:37:21.005 [main] INFO  org.testng.internal.Utils - [Utils] MethodGroupsHelper.sortMethods() took 0 ms.
15:37:21.007 [main] INFO  org.testng.internal.Utils - [Utils] MethodGroupsHelper.collectMethodsByGroup() took 0 ms.
15:37:21.009 [main] INFO  org.testng.internal.Utils - [Utils] MethodGroupsHelper.sortMethods() took 0 ms.
15:37:21.010 [main] INFO  org.testng.internal.Utils - [Utils] MethodGroupsHelper.collectMethodsByGroup() took 0 ms.
15:37:21.010 [main] INFO  org.testng.internal.Utils - [Utils] MethodGroupsHelper.sortMethods() took 0 ms.
15:37:21.024 [main] INFO  org.testng.internal.Utils - [TestNG] Running:
  C:\Users\Edify\AppData\Local\Temp\testng-eclipse--2102492252\testng-customsuite.xml

15:37:21.056 [main] INFO  org.testng.internal.Utils - [Utils] DynamicGraphHelper.createDynamicGraph() took 7 ms.
15:37:21.779 [main] INFO  org.testng.internal.Utils - [TestNG] Time taken by org.testng.reporters.jq.Main@47404bea: 504 ms
15:37:21.825 [main] INFO  org.testng.internal.Utils - [TestNG] Time taken by org.testng.reporters.FailedReporter@61bcd567: 46 ms
15:37:21.854 [main] INFO  org.testng.internal.Utils - [TestNG] Time taken by org.testng.reporters.XMLReporter@55e8ec2f: 29 ms
15:37:21.875 [main] INFO  org.testng.internal.Utils - [TestNG] Time taken by org.testng.reporters.EmailableReporter2@71984c3: 21 ms
15:37:21.896 [main] INFO  org.testng.internal.Utils - [TestNG] Time taken by org.testng.reporters.JUnitReportReporter@292d1c71: 20 ms
15:37:21.896 [main] INFO  org.testng.internal.Utils - [TestNG] Time taken by org.testng.internal.ExitCodeListener@2b491fee: 0 ms
18:32:18.571 [main] DEBUG org.testng.TestNG - suiteXmlPath: "C:\Users\Edify\eclipse-workspace\OpenCart\master.xml"
18:32:19.192 [main] INFO  org.testng.internal.Utils - [TestNG] Running:
  C:\Users\Edify\eclipse-workspace\OpenCart\master.xml

18:33:22.925 [main] DEBUG org.testng.TestNG - suiteXmlPath: "C:\Users\Edify\eclipse-workspace\OpenCart\master.xml"
18:33:23.622 [main] INFO  org.testng.internal.Utils - [TestNG] Running:
  C:\Users\Edify\eclipse-workspace\OpenCart\master.xml

18:34:39.918 [main] DEBUG org.testng.TestNG - suiteXmlPath: "C:\Users\Edify\eclipse-workspace\OpenCart\crossbrowsertest.xml"
18:34:40.614 [main] INFO  org.testng.internal.Utils - [TestNG] Running:
  C:\Users\Edify\eclipse-workspace\OpenCart\crossbrowsertest.xml

18:39:02.022 [main] DEBUG org.testng.TestNG - suiteXmlPath: "C:\Users\Edify\eclipse-workspace\OpenCart\crossbrowsertest.xml"
18:39:02.589 [main] INFO  org.testng.internal.Utils - [TestNG] Running:
  C:\Users\Edify\eclipse-workspace\OpenCart\crossbrowsertest.xml

18:54:48.981 [main] DEBUG org.testng.TestNG - suiteXmlPath: "C:\Users\Edify\eclipse-workspace\OpenCart\grouping.xml"
18:54:49.610 [main] INFO  org.testng.internal.Utils - [TestNG] Running:
  C:\Users\Edify\eclipse-workspace\OpenCart\grouping.xml

18:56:58.513 [main] DEBUG org.testng.TestNG - suiteXmlPath: "C:\Users\Edify\eclipse-workspace\OpenCart\grouping.xml"
18:56:59.060 [main] INFO  org.testng.internal.Utils - [TestNG] Running:
  C:\Users\Edify\eclipse-workspace\OpenCart\grouping.xml

18:57:03.748 [main] INFO  Testcases.TC_001_AccountRegistrationTest - -----Starting TC_001_AccountRegistrationTest-----
18:57:04.029 [main] INFO  Testcases.TC_001_AccountRegistrationTest - Clicked on MyAccount link
18:57:04.698 [main] INFO  Testcases.TC_001_AccountRegistrationTest - Clicked on Register link
18:57:04.703 [main] INFO  Testcases.TC_001_AccountRegistrationTest - Filling the registration form
18:57:07.469 [main] INFO  Testcases.TC_001_AccountRegistrationTest - Validating the expected message
18:57:07.695 [main] INFO  Testcases.TC_001_AccountRegistrationTest - -----Finished TC_001_AccountRegistrationTest-----
19:10:13.374 [main] DEBUG org.testng.TestNG - suiteXmlPath: "C:\Users\Edify\eclipse-workspace\OpenCart\grid-docker.xml"
19:11:57.057 [main] DEBUG org.testng.TestNG - suiteXmlPath: "C:\Users\Edify\eclipse-workspace\OpenCart\grid-docker.xml"
19:11:57.769 [main] INFO  org.testng.internal.Utils - [TestNG] Running:
  C:\Users\Edify\eclipse-workspace\OpenCart\grid-docker.xml

19:11:58.359 [TestNG-tests-2] INFO  Testcases.TC_001_AccountRegistrationTest - -----Starting TC_001_AccountRegistrationTest-----
19:12:06.400 [TestNG-tests-1] INFO  Testcases.TC_001_AccountRegistrationTest - -----Starting TC_001_AccountRegistrationTest-----
19:12:06.987 [TestNG-tests-1] INFO  Testcases.TC_001_AccountRegistrationTest - Clicked on MyAccount link
19:12:08.262 [TestNG-tests-1] INFO  Testcases.TC_001_AccountRegistrationTest - Clicked on Register link
19:12:08.267 [TestNG-tests-1] INFO  Testcases.TC_001_AccountRegistrationTest - Filling the registration form
