14:11:12.907 [TestNG-tests-1] DEBUG org.apache.poi.openxml4j.opc.PackageRelationshipCollection - Parsing relationship: /xl/_rels/workbook.xml.rels
14:11:12.925 [TestNG-tests-1] DEBUG org.apache.poi.openxml4j.opc.PackageRelationshipCollection - Parsing relationship: /xl/worksheets/_rels/sheet1.xml.rels
14:11:12.928 [TestNG-tests-1] DEBUG org.apache.poi.openxml4j.opc.PackageRelationshipCollection - Parsing relationship: /_rels/.rels
14:11:12.978 [TestNG-tests-1] DEBUG org.apache.poi.openxml4j.opc.PackageRelationshipCollection - Parsing relationship: /xl/_rels/workbook.xml.rels
14:11:12.978 [TestNG-tests-1] DEBUG org.apache.poi.openxml4j.opc.PackageRelationshipCollection - Parsing relationship: /xl/worksheets/_rels/sheet1.xml.rels
14:11:12.978 [TestNG-tests-1] DEBUG org.apache.poi.openxml4j.opc.PackageRelationshipCollection - Parsing relationship: /_rels/.rels
14:11:13.030 [TestNG-tests-1] DEBUG org.apache.poi.openxml4j.opc.PackageRelationshipCollection - Parsing relationship: /xl/_rels/workbook.xml.rels
14:11:13.030 [TestNG-tests-1] DEBUG org.apache.poi.openxml4j.opc.PackageRelationshipCollection - Parsing relationship: /xl/worksheets/_rels/sheet1.xml.rels
14:11:13.040 [TestNG-tests-1] DEBUG org.apache.poi.openxml4j.opc.PackageRelationshipCollection - Parsing relationship: /_rels/.rels
14:11:13.085 [TestNG-tests-1] DEBUG org.apache.poi.openxml4j.opc.PackageRelationshipCollection - Parsing relationship: /xl/_rels/workbook.xml.rels
14:11:13.090 [TestNG-tests-1] DEBUG org.apache.poi.openxml4j.opc.PackageRelationshipCollection - Parsing relationship: /xl/worksheets/_rels/sheet1.xml.rels
14:11:13.093 [TestNG-tests-1] DEBUG org.apache.poi.openxml4j.opc.PackageRelationshipCollection - Parsing relationship: /_rels/.rels
14:11:13.132 [TestNG-tests-1] DEBUG org.apache.poi.openxml4j.opc.PackageRelationshipCollection - Parsing relationship: /xl/_rels/workbook.xml.rels
14:11:13.141 [TestNG-tests-1] DEBUG org.apache.poi.openxml4j.opc.PackageRelationshipCollection - Parsing relationship: /xl/worksheets/_rels/sheet1.xml.rels
14:11:13.143 [TestNG-tests-1] DEBUG org.apache.poi.openxml4j.opc.PackageRelationshipCollection - Parsing relationship: /_rels/.rels
14:11:13.183 [TestNG-tests-1] DEBUG org.apache.poi.openxml4j.opc.PackageRelationshipCollection - Parsing relationship: /xl/_rels/workbook.xml.rels
14:11:13.189 [TestNG-tests-1] DEBUG org.apache.poi.openxml4j.opc.PackageRelationshipCollection - Parsing relationship: /xl/worksheets/_rels/sheet1.xml.rels
14:11:13.190 [TestNG-tests-1] DEBUG org.apache.poi.openxml4j.opc.PackageRelationshipCollection - Parsing relationship: /_rels/.rels
14:11:13.220 [TestNG-tests-1] DEBUG org.apache.poi.openxml4j.opc.PackageRelationshipCollection - Parsing relationship: /xl/_rels/workbook.xml.rels
14:11:13.224 [TestNG-tests-1] DEBUG org.apache.poi.openxml4j.opc.PackageRelationshipCollection - Parsing relationship: /xl/worksheets/_rels/sheet1.xml.rels
14:11:13.224 [TestNG-tests-1] DEBUG org.apache.poi.openxml4j.opc.PackageRelationshipCollection - Parsing relationship: /_rels/.rels
14:11:13.259 [TestNG-tests-1] DEBUG org.apache.poi.openxml4j.opc.PackageRelationshipCollection - Parsing relationship: /xl/_rels/workbook.xml.rels
14:11:13.259 [TestNG-tests-1] DEBUG org.apache.poi.openxml4j.opc.PackageRelationshipCollection - Parsing relationship: /xl/worksheets/_rels/sheet1.xml.rels
14:11:13.259 [TestNG-tests-1] DEBUG org.apache.poi.openxml4j.opc.PackageRelationshipCollection - Parsing relationship: /_rels/.rels
14:11:13.303 [TestNG-tests-1] DEBUG org.apache.poi.openxml4j.opc.PackageRelationshipCollection - Parsing relationship: /xl/_rels/workbook.xml.rels
14:11:13.307 [TestNG-tests-1] DEBUG org.apache.poi.openxml4j.opc.PackageRelationshipCollection - Parsing relationship: /xl/worksheets/_rels/sheet1.xml.rels
14:11:13.307 [TestNG-tests-1] DEBUG org.apache.poi.openxml4j.opc.PackageRelationshipCollection - Parsing relationship: /_rels/.rels
14:11:13.417 [TestNG-tests-1] INFO  Testcases.TC_003_LoginDataDrivenTesting - -----Starting TC_003_LoginDataDrivenTesting-------
14:11:17.292 [TestNG-tests-1] INFO  Testcases.TC_003_LoginDataDrivenTesting - -----Fineshed TC_003_LoginDataDrivenTesting-------
14:11:17.297 [TestNG-tests-1] INFO  Testcases.TC_003_LoginDataDrivenTesting - -----Starting TC_003_LoginDataDrivenTesting-------
14:11:20.950 [TestNG-tests-1] INFO  Testcases.TC_003_LoginDataDrivenTesting - -----Fineshed TC_003_LoginDataDrivenTesting-------
14:11:20.953 [TestNG-tests-1] INFO  Testcases.TC_003_LoginDataDrivenTesting - -----Starting TC_003_LoginDataDrivenTesting-------
14:11:23.385 [TestNG-tests-1] INFO  Testcases.TC_003_LoginDataDrivenTesting - -----Fineshed TC_003_LoginDataDrivenTesting-------
14:11:23.387 [TestNG-tests-1] INFO  Testcases.TC_003_LoginDataDrivenTesting - -----Starting TC_003_LoginDataDrivenTesting-------
14:11:25.226 [TestNG-tests-1] INFO  Testcases.TC_003_LoginDataDrivenTesting - -----Fineshed TC_003_LoginDataDrivenTesting-------
14:11:25.230 [TestNG-tests-1] INFO  Testcases.TC_003_LoginDataDrivenTesting - -----Starting TC_003_LoginDataDrivenTesting-------
14:11:27.628 [TestNG-tests-1] INFO  Testcases.TC_003_LoginDataDrivenTesting - -----Fineshed TC_003_LoginDataDrivenTesting-------
