10:44:26.382 [main] DEBUG org.testng.TestNG - suiteXmlPath: "C:\Users\Edify\eclipse-workspace\OpenCart\grouping.xml"
10:44:27.001 [main] INFO  org.testng.internal.Utils - [TestNG] Running:
  C:\Users\Edify\eclipse-workspace\OpenCart\grouping.xml

10:44:37.925 [main] INFO  Testcases.TC_001_AccountRegistrationTest - -----Starting TC_001_AccountRegistrationTest-----
10:44:38.088 [main] INFO  Testcases.TC_001_AccountRegistrationTest - Clicked on MyAccount link
10:44:38.513 [main] INFO  Testcases.TC_001_AccountRegistrationTest - Clicked on Register link
10:44:38.520 [main] INFO  Testcases.TC_001_AccountRegistrationTest - Filling the registration form
10:44:40.258 [main] INFO  Testcases.TC_001_AccountRegistrationTest - Validating the expected message
10:44:40.457 [main] INFO  Testcases.TC_001_AccountRegistrationTest - -----Finished TC_001_AccountRegistrationTest-----
10:46:21.602 [main] DEBUG org.testng.TestNG - suiteXmlPath: "C:\Users\Edify\eclipse-workspace\OpenCart\crossbrowsertest.xml"
10:46:22.195 [main] INFO  org.testng.internal.Utils - [TestNG] Running:
  C:\Users\Edify\eclipse-workspace\OpenCart\crossbrowsertest.xml

10:49:46.129 [main] DEBUG org.testng.TestNG - suiteXmlPath: "C:\Users\Edify\eclipse-workspace\OpenCart\crossbrowsertest.xml"
10:49:46.971 [main] INFO  org.testng.internal.Utils - [TestNG] Running:
  C:\Users\Edify\eclipse-workspace\OpenCart\crossbrowsertest.xml

11:07:15.551 [main] DEBUG org.testng.TestNG - suiteXmlPath: "C:\Users\Edify\eclipse-workspace\OpenCart\crossbrowsertest.xml"
11:07:16.489 [main] INFO  org.testng.internal.Utils - [TestNG] Running:
  C:\Users\Edify\eclipse-workspace\OpenCart\crossbrowsertest.xml

16:18:35.833 [main] DEBUG org.testng.TestNG - suiteXmlPath: "C:\Users\Edify\eclipse-workspace\OpenCart\crossbrowsertest.xml"
16:18:36.516 [main] INFO  org.testng.internal.Utils - [TestNG] Running:
  C:\Users\Edify\eclipse-workspace\OpenCart\crossbrowsertest.xml

16:25:25.658 [main] DEBUG org.testng.TestNG - suiteXmlPath: "C:\Users\Edify\eclipse-workspace\OpenCart\crossbrowsertest.xml"
16:25:26.753 [main] INFO  org.testng.internal.Utils - [TestNG] Running:
  C:\Users\Edify\eclipse-workspace\OpenCart\crossbrowsertest.xml

16:28:01.521 [main] DEBUG org.testng.TestNG - suiteXmlPath: "C:\Users\Edify\eclipse-workspace\OpenCart\crossbrowsertest.xml"
16:28:02.284 [main] INFO  org.testng.internal.Utils - [TestNG] Running:
  C:\Users\Edify\eclipse-workspace\OpenCart\crossbrowsertest.xml

14:50:51.937 [main] DEBUG org.testng.TestNG - suiteXmlPath: "C:\Users\Edify\eclipse-workspace\OpenCart\grid-docker.xml"
14:50:52.595 [main] INFO  org.testng.internal.Utils - [TestNG] Running:
  C:\Users\Edify\eclipse-workspace\OpenCart\grid-docker.xml

14:51:00.145 [TestNG-tests-1] INFO  Testcases.TC_001_AccountRegistrationTest - -----Starting TC_001_AccountRegistrationTest-----
14:51:00.441 [TestNG-tests-1] INFO  Testcases.TC_001_AccountRegistrationTest - Clicked on MyAccount link
14:51:00.832 [TestNG-tests-1] INFO  Testcases.TC_001_AccountRegistrationTest - Clicked on Register link
14:51:00.844 [TestNG-tests-1] INFO  Testcases.TC_001_AccountRegistrationTest - Filling the registration form
14:51:04.816 [TestNG-tests-1] INFO  Testcases.TC_001_AccountRegistrationTest - Validating the expected message
14:51:05.252 [TestNG-tests-1] INFO  Testcases.TC_001_AccountRegistrationTest - -----Finished TC_001_AccountRegistrationTest-----
14:51:16.470 [TestNG-tests-1] DEBUG org.apache.poi.openxml4j.opc.PackageRelationshipCollection - Parsing relationship: /xl/_rels/workbook.xml.rels
14:51:16.489 [TestNG-tests-1] DEBUG org.apache.poi.openxml4j.opc.PackageRelationshipCollection - Parsing relationship: /xl/worksheets/_rels/sheet1.xml.rels
14:51:16.489 [TestNG-tests-1] DEBUG org.apache.poi.openxml4j.opc.PackageRelationshipCollection - Parsing relationship: /_rels/.rels
14:51:17.770 [TestNG-tests-1] DEBUG org.apache.poi.openxml4j.opc.PackageRelationshipCollection - Parsing relationship: /xl/_rels/workbook.xml.rels
14:51:17.771 [TestNG-tests-1] DEBUG org.apache.poi.openxml4j.opc.PackageRelationshipCollection - Parsing relationship: /xl/worksheets/_rels/sheet1.xml.rels
14:51:17.771 [TestNG-tests-1] DEBUG org.apache.poi.openxml4j.opc.PackageRelationshipCollection - Parsing relationship: /_rels/.rels
14:51:17.828 [TestNG-tests-1] DEBUG org.apache.poi.openxml4j.opc.PackageRelationshipCollection - Parsing relationship: /xl/_rels/workbook.xml.rels
14:51:17.837 [TestNG-tests-1] DEBUG org.apache.poi.openxml4j.opc.PackageRelationshipCollection - Parsing relationship: /xl/worksheets/_rels/sheet1.xml.rels
14:51:17.837 [TestNG-tests-1] DEBUG org.apache.poi.openxml4j.opc.PackageRelationshipCollection - Parsing relationship: /_rels/.rels
14:51:17.906 [TestNG-tests-1] DEBUG org.apache.poi.openxml4j.opc.PackageRelationshipCollection - Parsing relationship: /xl/_rels/workbook.xml.rels
14:51:17.906 [TestNG-tests-1] DEBUG org.apache.poi.openxml4j.opc.PackageRelationshipCollection - Parsing relationship: /xl/worksheets/_rels/sheet1.xml.rels
14:51:17.910 [TestNG-tests-1] DEBUG org.apache.poi.openxml4j.opc.PackageRelationshipCollection - Parsing relationship: /_rels/.rels
