14:38:18.840 [main] INFO  Testcases.TC_001_AccountRegistrationTest - -----Starting TC_001_AccountRegistrationTest-----
14:38:19.649 [main] INFO  Testcases.TC_001_AccountRegistrationTest - Clicked on MyAccount link
14:38:20.255 [main] INFO  Testcases.TC_001_AccountRegistrationTest - Clicked on Register link
14:38:20.260 [main] INFO  Testcases.TC_001_AccountRegistrationTest - Filling the registration form
14:38:22.618 [main] INFO  Testcases.TC_001_AccountRegistrationTest - Validating the expected message
14:38:22.867 [main] INFO  Testcases.TC_001_AccountRegistrationTest - -----Finished TC_001_AccountRegistrationTest-----
14:39:05.003 [main] DEBUG org.testng.TestNG - suiteXmlPath: "C:\Users\Edify\eclipse-workspace\OpenCart\grouping.xml"
14:39:06.061 [main] INFO  org.testng.internal.Utils - [TestNG] Running:
  C:\Users\Edify\eclipse-workspace\OpenCart\grouping.xml

14:39:10.883 [main] INFO  Testcases.TC_001_AccountRegistrationTest - -----Starting TC_001_AccountRegistrationTest-----
14:39:11.782 [main] INFO  Testcases.TC_001_AccountRegistrationTest - Clicked on MyAccount link
14:39:12.517 [main] INFO  Testcases.TC_001_AccountRegistrationTest - Clicked on Register link
14:39:12.529 [main] INFO  Testcases.TC_001_AccountRegistrationTest - Filling the registration form
14:39:14.361 [main] INFO  Testcases.TC_001_AccountRegistrationTest - Validating the expected message
14:39:15.645 [main] INFO  Testcases.TC_001_AccountRegistrationTest - -----Finished TC_001_AccountRegistrationTest-----
14:48:23.209 [main] DEBUG org.testng.TestNG - suiteXmlPath: "C:\Users\Edify\eclipse-workspace\OpenCart\crossbrowsertest.xml"
14:48:23.784 [main] INFO  org.testng.internal.Utils - [TestNG] Running:
  C:\Users\Edify\eclipse-workspace\OpenCart\crossbrowsertest.xml

14:48:40.944 [TestNG-tests-1] INFO  Testcases.TC_001_AccountRegistrationTest - -----Starting TC_001_AccountRegistrationTest-----
14:48:41.043 [TestNG-tests-3] INFO  Testcases.TC_001_AccountRegistrationTest - -----Starting TC_001_AccountRegistrationTest-----
14:48:41.439 [TestNG-tests-3] INFO  Testcases.TC_001_AccountRegistrationTest - Clicked on MyAccount link
14:48:41.560 [TestNG-tests-1] INFO  Testcases.TC_001_AccountRegistrationTest - Clicked on MyAccount link
14:52:59.299 [main] DEBUG org.testng.TestNG - suiteXmlPath: "C:\Users\Edify\eclipse-workspace\OpenCart\crossbrowsertest.xml"
14:52:59.870 [main] INFO  org.testng.internal.Utils - [TestNG] Running:
  C:\Users\Edify\eclipse-workspace\OpenCart\crossbrowsertest.xml

14:59:29.276 [main] DEBUG org.testng.TestNG - suiteXmlPath: "C:\Users\Edify\eclipse-workspace\OpenCart\crossbrowsertest.xml"
14:59:29.725 [main] INFO  org.testng.internal.Utils - [TestNG] Running:
  C:\Users\Edify\eclipse-workspace\OpenCart\crossbrowsertest.xml

15:01:44.042 [main] DEBUG org.testng.TestNG - suiteXmlPath: "C:\Users\Edify\eclipse-workspace\OpenCart\crossbrowsertest.xml"
15:01:44.534 [main] INFO  org.testng.internal.Utils - [TestNG] Running:
  C:\Users\Edify\eclipse-workspace\OpenCart\crossbrowsertest.xml

15:29:38.811 [main] DEBUG org.testng.TestNG - suiteXmlPath: "C:\Users\Edify\eclipse-workspace\OpenCart\crossbrowsertest.xml"
15:29:39.434 [main] INFO  org.testng.internal.Utils - [TestNG] Running:
  C:\Users\Edify\eclipse-workspace\OpenCart\crossbrowsertest.xml

15:32:46.196 [main] DEBUG org.testng.TestNG - suiteXmlPath: "C:\Users\Edify\eclipse-workspace\OpenCart\crossbrowsertest.xml"
15:32:46.654 [main] INFO  org.testng.internal.Utils - [TestNG] Running:
  C:\Users\Edify\eclipse-workspace\OpenCart\crossbrowsertest.xml

15:35:02.916 [main] DEBUG org.testng.TestNG - suiteXmlPath: "C:\Users\Edify\AppData\Local\Temp\testng-eclipse--1250104872\testng-customsuite.xml"
15:35:03.398 [main] INFO  org.testng.internal.Utils - [Utils] MethodGroupsHelper.collectMethodsByGroup() took 1 ms.
15:35:03.407 [main] INFO  org.testng.internal.Utils - [Utils] MethodGroupsHelper.sortMethods() took 1 ms.
15:35:03.410 [main] INFO  org.testng.internal.Utils - [Utils] MethodGroupsHelper.collectMethodsByGroup() took 0 ms.
15:35:03.411 [main] INFO  org.testng.internal.Utils - [Utils] MethodGroupsHelper.sortMethods() took 0 ms.
15:35:03.412 [main] INFO  org.testng.internal.Utils - [Utils] MethodGroupsHelper.collectMethodsByGroup() took 0 ms.
15:35:03.412 [main] INFO  org.testng.internal.Utils - [Utils] MethodGroupsHelper.sortMethods() took 0 ms.
15:35:03.413 [main] INFO  org.testng.internal.Utils - [Utils] MethodGroupsHelper.collectMethodsByGroup() took 0 ms.
15:35:03.413 [main] INFO  org.testng.internal.Utils - [Utils] MethodGroupsHelper.sortMethods() took 0 ms.
15:35:03.425 [main] INFO  org.testng.internal.Utils - [Utils] MethodGroupsHelper.collectMethodsByGroup() took 9 ms.
15:35:03.440 [main] INFO  org.testng.internal.Utils - [Utils] MethodGroupsHelper.sortMethods() took 14 ms.
15:35:03.443 [main] INFO  org.testng.internal.Utils - [Utils] MethodGroupsHelper.collectMethodsByGroup() took 0 ms.
15:35:03.443 [main] INFO  org.testng.internal.Utils - [Utils] MethodGroupsHelper.sortMethods() took 0 ms.
15:35:03.445 [main] INFO  org.testng.internal.Utils - [Utils] MethodGroupsHelper.collectMethodsByGroup() took 0 ms.
