10:18:24.285 [TestNG-tests-1] DEBUG org.apache.poi.openxml4j.opc.PackageRelationshipCollection - Parsing relationship: /xl/worksheets/_rels/sheet1.xml.rels
10:18:24.435 [TestNG-tests-1] DEBUG org.apache.poi.openxml4j.opc.PackageRelationshipCollection - Parsing relationship: /_rels/.rels
10:18:24.504 [TestNG-tests-1] INFO  Testcases.TC_003_LoginDataDrivenTesting - -----Starting TC_003_LoginDataDrivenTesting-------
10:18:30.720 [TestNG-tests-1] INFO  Testcases.TC_003_LoginDataDrivenTesting - -----Fineshed TC_003_LoginDataDrivenTesting-------
10:18:30.738 [TestNG-tests-1] INFO  Testcases.TC_003_LoginDataDrivenTesting - -----Starting TC_003_LoginDataDrivenTesting-------
10:18:55.193 [TestNG-tests-1] INFO  Testcases.TC_003_LoginDataDrivenTesting - -----Starting TC_003_LoginDataDrivenTesting-------
10:19:18.264 [TestNG-tests-1] INFO  Testcases.TC_003_LoginDataDrivenTesting - -----Starting TC_003_LoginDataDrivenTesting-------
10:19:40.908 [TestNG-tests-1] INFO  Testcases.TC_003_LoginDataDrivenTesting - -----Starting TC_003_LoginDataDrivenTesting-------
10:19:43.768 [TestNG-tests-1] INFO  Testcases.TC_003_LoginDataDrivenTesting - -----Fineshed TC_003_LoginDataDrivenTesting-------
10:19:47.269 [TestNG-tests-1] INFO  Testcases.TC_004_SearchTest - -----Start  verify_SearchProuct-----
10:19:51.189 [TestNG-tests-1] INFO  Testcases.TC_004_SearchTest - -----Fineshed verify_SearchProuct-----
10:20:03.995 [TestNG-tests-1] INFO  Testcases.TC_001_AccountRegistrationTest - -----Starting TC_001_AccountRegistrationTest-----
10:20:04.364 [TestNG-tests-1] INFO  Testcases.TC_001_AccountRegistrationTest - Clicked on MyAccount link
10:20:05.710 [TestNG-tests-1] INFO  Testcases.TC_001_AccountRegistrationTest - Clicked on Register link
10:20:05.711 [TestNG-tests-1] INFO  Testcases.TC_001_AccountRegistrationTest - Filling the registration form
10:20:09.061 [TestNG-tests-1] INFO  Testcases.TC_001_AccountRegistrationTest - Validating the expected message
10:20:09.127 [TestNG-tests-1] INFO  Testcases.TC_001_AccountRegistrationTest - -----Finished TC_001_AccountRegistrationTest-----
10:20:17.096 [TestNG-tests-1] DEBUG org.apache.poi.openxml4j.opc.PackageRelationshipCollection - Parsing relationship: /xl/_rels/workbook.xml.rels
10:20:17.097 [TestNG-tests-1] DEBUG org.apache.poi.openxml4j.opc.PackageRelationshipCollection - Parsing relationship: /xl/worksheets/_rels/sheet1.xml.rels
10:20:17.098 [TestNG-tests-1] DEBUG org.apache.poi.openxml4j.opc.PackageRelationshipCollection - Parsing relationship: /_rels/.rels
10:20:17.135 [TestNG-tests-1] DEBUG org.apache.poi.openxml4j.opc.PackageRelationshipCollection - Parsing relationship: /xl/_rels/workbook.xml.rels
10:20:17.137 [TestNG-tests-1] DEBUG org.apache.poi.openxml4j.opc.PackageRelationshipCollection - Parsing relationship: /xl/worksheets/_rels/sheet1.xml.rels
10:20:17.140 [TestNG-tests-1] DEBUG org.apache.poi.openxml4j.opc.PackageRelationshipCollection - Parsing relationship: /_rels/.rels
10:20:17.207 [TestNG-tests-1] DEBUG org.apache.poi.openxml4j.opc.PackageRelationshipCollection - Parsing relationship: /xl/_rels/workbook.xml.rels
10:20:17.209 [TestNG-tests-1] DEBUG org.apache.poi.openxml4j.opc.PackageRelationshipCollection - Parsing relationship: /xl/worksheets/_rels/sheet1.xml.rels
10:20:17.211 [TestNG-tests-1] DEBUG org.apache.poi.openxml4j.opc.PackageRelationshipCollection - Parsing relationship: /_rels/.rels
10:20:17.312 [TestNG-tests-1] DEBUG org.apache.poi.openxml4j.opc.PackageRelationshipCollection - Parsing relationship: /xl/_rels/workbook.xml.rels
10:20:17.317 [TestNG-tests-1] DEBUG org.apache.poi.openxml4j.opc.PackageRelationshipCollection - Parsing relationship: /xl/worksheets/_rels/sheet1.xml.rels
10:20:17.321 [TestNG-tests-1] DEBUG org.apache.poi.openxml4j.opc.PackageRelationshipCollection - Parsing relationship: /_rels/.rels
10:20:17.413 [TestNG-tests-1] DEBUG org.apache.poi.openxml4j.opc.PackageRelationshipCollection - Parsing relationship: /xl/_rels/workbook.xml.rels
10:20:17.414 [TestNG-tests-1] DEBUG org.apache.poi.openxml4j.opc.PackageRelationshipCollection - Parsing relationship: /xl/worksheets/_rels/sheet1.xml.rels
10:20:17.417 [TestNG-tests-1] DEBUG org.apache.poi.openxml4j.opc.PackageRelationshipCollection - Parsing relationship: /_rels/.rels
10:20:17.493 [TestNG-tests-1] DEBUG org.apache.poi.openxml4j.opc.PackageRelationshipCollection - Parsing relationship: /xl/_rels/workbook.xml.rels
10:20:17.495 [TestNG-tests-1] DEBUG org.apache.poi.openxml4j.opc.PackageRelationshipCollection - Parsing relationship: /xl/worksheets/_rels/sheet1.xml.rels
10:20:17.497 [TestNG-tests-1] DEBUG org.apache.poi.openxml4j.opc.PackageRelationshipCollection - Parsing relationship: /_rels/.rels
10:20:17.615 [TestNG-tests-1] DEBUG org.apache.poi.openxml4j.opc.PackageRelationshipCollection - Parsing relationship: /xl/_rels/workbook.xml.rels
10:20:17.626 [TestNG-tests-1] DEBUG org.apache.poi.openxml4j.opc.PackageRelationshipCollection - Parsing relationship: /xl/worksheets/_rels/sheet1.xml.rels
10:20:17.635 [TestNG-tests-1] DEBUG org.apache.poi.openxml4j.opc.PackageRelationshipCollection - Parsing relationship: /_rels/.rels
