12:07:38.262 [main] INFO  org.testng.internal.Utils - [TestNG] Running:
  C:\Users\Edify\eclipse-workspace\OpenCart\master.xml

12:07:57.931 [main] INFO  Testcases.TC_004_SearchTest - -----Start  verify_SearchProuct-----
12:08:02.920 [main] INFO  Testcases.TC_004_SearchTest - -----Fineshed verify_SearchProuct-----
12:08:37.933 [main] DEBUG org.testng.TestNG - suiteXmlPath: "C:\Users\Edify\eclipse-workspace\OpenCart\master.xml"
12:08:38.436 [main] INFO  org.testng.internal.Utils - [TestNG] Running:
  C:\Users\Edify\eclipse-workspace\OpenCart\master.xml

12:09:01.548 [main] INFO  Testcases.TC_004_SearchTest - -----Start  verify_SearchProuct-----
12:09:07.757 [main] INFO  Testcases.TC_004_SearchTest - -----Fineshed verify_SearchProuct-----
12:10:39.369 [main] DEBUG org.testng.TestNG - suiteXmlPath: "C:\Users\Edify\eclipse-workspace\OpenCart\grouping.xml"
12:10:39.964 [main] INFO  org.testng.internal.Utils - [TestNG] Running:
  C:\Users\Edify\eclipse-workspace\OpenCart\grouping.xml

12:14:53.975 [main] DEBUG org.testng.TestNG - suiteXmlPath: "C:\Users\Edify\eclipse-workspace\OpenCart\grouping.xml"
12:14:54.755 [main] INFO  org.testng.internal.Utils - [TestNG] Running:
  C:\Users\Edify\eclipse-workspace\OpenCart\grouping.xml

12:30:21.842 [main] DEBUG org.testng.TestNG - suiteXmlPath: "C:\Users\Edify\eclipse-workspace\OpenCart\master.xml"
12:30:22.401 [main] INFO  org.testng.internal.Utils - [TestNG] Running:
  C:\Users\Edify\eclipse-workspace\OpenCart\master.xml

12:30:30.442 [main] INFO  Testcases.TC_004_SearchTest - -----Start  verify_SearchProuct-----
12:31:05.778 [main] DEBUG org.testng.TestNG - suiteXmlPath: "C:\Users\Edify\eclipse-workspace\OpenCart\grouping.xml"
12:31:06.291 [main] INFO  org.testng.internal.Utils - [TestNG] Running:
  C:\Users\Edify\eclipse-workspace\OpenCart\grouping.xml

12:31:57.046 [main] DEBUG org.testng.TestNG - suiteXmlPath: "C:\Users\Edify\eclipse-workspace\OpenCart\master.xml"
12:31:57.602 [main] INFO  org.testng.internal.Utils - [TestNG] Running:
  C:\Users\Edify\eclipse-workspace\OpenCart\master.xml

12:32:33.320 [main] DEBUG org.testng.TestNG - suiteXmlPath: "C:\Users\Edify\eclipse-workspace\OpenCart\master.xml"
12:32:33.834 [main] INFO  org.testng.internal.Utils - [TestNG] Running:
  C:\Users\Edify\eclipse-workspace\OpenCart\master.xml

12:32:38.206 [main] INFO  Testcases.TC_004_SearchTest - -----Start  verify_SearchProuct-----
12:32:41.814 [main] INFO  Testcases.TC_004_SearchTest - -----Fineshed verify_SearchProuct-----
12:32:57.096 [main] DEBUG org.testng.TestNG - suiteXmlPath: "C:\Users\Edify\eclipse-workspace\OpenCart\grouping.xml"
12:32:57.605 [main] INFO  org.testng.internal.Utils - [TestNG] Running:
  C:\Users\Edify\eclipse-workspace\OpenCart\grouping.xml

12:34:26.103 [main] DEBUG org.testng.TestNG - suiteXmlPath: "C:\Users\Edify\eclipse-workspace\OpenCart\grouping.xml"
12:34:26.606 [main] INFO  org.testng.internal.Utils - [TestNG] Running:
  C:\Users\Edify\eclipse-workspace\OpenCart\grouping.xml

12:40:27.667 [main] DEBUG org.testng.TestNG - suiteXmlPath: "C:\Users\Edify\eclipse-workspace\OpenCart\grouping.xml"
12:40:28.164 [main] INFO  org.testng.internal.Utils - [TestNG] Running:
  C:\Users\Edify\eclipse-workspace\OpenCart\grouping.xml

12:51:02.375 [main] DEBUG org.testng.TestNG - suiteXmlPath: "C:\Users\Edify\eclipse-workspace\OpenCart\grouping.xml"
12:51:02.943 [main] INFO  org.testng.internal.Utils - [TestNG] Running:
  C:\Users\Edify\eclipse-workspace\OpenCart\grouping.xml

12:52:05.032 [main] DEBUG org.testng.TestNG - suiteXmlPath: "C:\Users\Edify\eclipse-workspace\OpenCart\grouping.xml"
12:52:05.491 [main] INFO  org.testng.internal.Utils - [TestNG] Running:
  C:\Users\Edify\eclipse-workspace\OpenCart\grouping.xml

12:54:36.889 [main] DEBUG org.testng.TestNG - suiteXmlPath: "C:\Users\Edify\eclipse-workspace\OpenCart\grouping.xml"
12:54:37.480 [main] INFO  org.testng.internal.Utils - [TestNG] Running:
  C:\Users\Edify\eclipse-workspace\OpenCart\grouping.xml

13:01:08.691 [main] DEBUG org.testng.TestNG - suiteXmlPath: "C:\Users\Edify\eclipse-workspace\OpenCart\master.xml"
13:01:09.253 [main] INFO  org.testng.internal.Utils - [TestNG] Running:
  C:\Users\Edify\eclipse-workspace\OpenCart\master.xml

13:46:46.690 [main] DEBUG org.testng.TestNG - suiteXmlPath: "C:\Users\Edify\eclipse-workspace\OpenCart\master.xml"
13:46:47.232 [main] INFO  org.testng.internal.Utils - [TestNG] Running:
  C:\Users\Edify\eclipse-workspace\OpenCart\master.xml

13:47:02.679 [main] INFO  Testcases.TC_004_SearchTest - -----Start  verify_SearchProuct-----
13:47:07.428 [main] INFO  Testcases.TC_004_SearchTest - -----Fineshed verify_SearchProuct-----
14:37:27.714 [main] DEBUG org.testng.TestNG - suiteXmlPath: "C:\Users\Edify\eclipse-workspace\OpenCart\grouping.xml"
14:37:28.246 [main] INFO  org.testng.internal.Utils - [TestNG] Running:
  C:\Users\Edify\eclipse-workspace\OpenCart\grouping.xml

14:38:13.422 [main] DEBUG org.testng.TestNG - suiteXmlPath: "C:\Users\Edify\eclipse-workspace\OpenCart\grouping.xml"
14:38:13.927 [main] INFO  org.testng.internal.Utils - [TestNG] Running:
  C:\Users\Edify\eclipse-workspace\OpenCart\grouping.xml

