14:51:19.174 [TestNG-tests-1] DEBUG org.apache.poi.openxml4j.opc.PackageRelationshipCollection - Parsing relationship: /_rels/.rels
14:51:19.269 [TestNG-tests-1] DEBUG org.apache.poi.openxml4j.opc.PackageRelationshipCollection - Parsing relationship: /xl/_rels/workbook.xml.rels
14:51:19.269 [TestNG-tests-1] DEBUG org.apache.poi.openxml4j.opc.PackageRelationshipCollection - Parsing relationship: /xl/worksheets/_rels/sheet1.xml.rels
14:51:19.269 [TestNG-tests-1] DEBUG org.apache.poi.openxml4j.opc.PackageRelationshipCollection - Parsing relationship: /_rels/.rels
14:51:19.337 [TestNG-tests-1] INFO  Testcases.TC_003_LoginDataDrivenTesting - -----Starting TC_003_LoginDataDrivenTesting-------
14:51:22.703 [TestNG-tests-1] INFO  Testcases.TC_003_LoginDataDrivenTesting - -----Fineshed TC_003_LoginDataDrivenTesting-------
14:51:22.703 [TestNG-tests-1] INFO  Testcases.TC_003_LoginDataDrivenTesting - -----Starting TC_003_LoginDataDrivenTesting-------
14:51:46.801 [TestNG-tests-1] INFO  Testcases.TC_003_LoginDataDrivenTesting - -----Starting TC_003_LoginDataDrivenTesting-------
14:52:08.879 [TestNG-tests-1] INFO  Testcases.TC_003_LoginDataDrivenTesting - -----Starting TC_003_LoginDataDrivenTesting-------
14:52:31.091 [TestNG-tests-1] INFO  Testcases.TC_003_LoginDataDrivenTesting - -----Starting TC_003_LoginDataDrivenTesting-------
14:52:33.918 [TestNG-tests-1] INFO  Testcases.TC_003_LoginDataDrivenTesting - -----Fineshed TC_003_LoginDataDrivenTesting-------
14:52:36.990 [TestNG-tests-1] INFO  Testcases.TC_004_SearchTest - -----Start  verify_SearchProuct-----
14:52:39.925 [TestNG-tests-1] INFO  Testcases.TC_004_SearchTest - -----Fineshed verify_SearchProuct-----
14:52:55.501 [TestNG-tests-1] INFO  Testcases.TC_001_AccountRegistrationTest - -----Starting TC_001_AccountRegistrationTest-----
14:52:56.069 [TestNG-tests-1] INFO  Testcases.TC_001_AccountRegistrationTest - Clicked on MyAccount link
14:52:56.682 [TestNG-tests-1] INFO  Testcases.TC_001_AccountRegistrationTest - Clicked on Register link
14:52:56.683 [TestNG-tests-1] INFO  Testcases.TC_001_AccountRegistrationTest - Filling the registration form
14:52:58.820 [TestNG-tests-1] INFO  Testcases.TC_001_AccountRegistrationTest - Validating the expected message
14:52:58.967 [TestNG-tests-1] INFO  Testcases.TC_001_AccountRegistrationTest - -----Finished TC_001_AccountRegistrationTest-----
14:53:06.942 [TestNG-tests-1] DEBUG org.apache.poi.openxml4j.opc.PackageRelationshipCollection - Parsing relationship: /xl/_rels/workbook.xml.rels
14:53:06.945 [TestNG-tests-1] DEBUG org.apache.poi.openxml4j.opc.PackageRelationshipCollection - Parsing relationship: /xl/worksheets/_rels/sheet1.xml.rels
14:53:06.945 [TestNG-tests-1] DEBUG org.apache.poi.openxml4j.opc.PackageRelationshipCollection - Parsing relationship: /_rels/.rels
14:53:06.972 [TestNG-tests-1] DEBUG org.apache.poi.openxml4j.opc.PackageRelationshipCollection - Parsing relationship: /xl/_rels/workbook.xml.rels
14:53:06.978 [TestNG-tests-1] DEBUG org.apache.poi.openxml4j.opc.PackageRelationshipCollection - Parsing relationship: /xl/worksheets/_rels/sheet1.xml.rels
14:53:06.978 [TestNG-tests-1] DEBUG org.apache.poi.openxml4j.opc.PackageRelationshipCollection - Parsing relationship: /_rels/.rels
14:53:07.027 [TestNG-tests-1] DEBUG org.apache.poi.openxml4j.opc.PackageRelationshipCollection - Parsing relationship: /xl/_rels/workbook.xml.rels
14:53:07.027 [TestNG-tests-1] DEBUG org.apache.poi.openxml4j.opc.PackageRelationshipCollection - Parsing relationship: /xl/worksheets/_rels/sheet1.xml.rels
14:53:07.032 [TestNG-tests-1] DEBUG org.apache.poi.openxml4j.opc.PackageRelationshipCollection - Parsing relationship: /_rels/.rels
14:53:07.073 [TestNG-tests-1] DEBUG org.apache.poi.openxml4j.opc.PackageRelationshipCollection - Parsing relationship: /xl/_rels/workbook.xml.rels
14:53:07.081 [TestNG-tests-1] DEBUG org.apache.poi.openxml4j.opc.PackageRelationshipCollection - Parsing relationship: /xl/worksheets/_rels/sheet1.xml.rels
14:53:07.081 [TestNG-tests-1] DEBUG org.apache.poi.openxml4j.opc.PackageRelationshipCollection - Parsing relationship: /_rels/.rels
14:53:07.120 [TestNG-tests-1] DEBUG org.apache.poi.openxml4j.opc.PackageRelationshipCollection - Parsing relationship: /xl/_rels/workbook.xml.rels
14:53:07.122 [TestNG-tests-1] DEBUG org.apache.poi.openxml4j.opc.PackageRelationshipCollection - Parsing relationship: /xl/worksheets/_rels/sheet1.xml.rels
14:53:07.122 [TestNG-tests-1] DEBUG org.apache.poi.openxml4j.opc.PackageRelationshipCollection - Parsing relationship: /_rels/.rels
14:53:07.159 [TestNG-tests-1] DEBUG org.apache.poi.openxml4j.opc.PackageRelationshipCollection - Parsing relationship: /xl/_rels/workbook.xml.rels
14:53:07.159 [TestNG-tests-1] DEBUG org.apache.poi.openxml4j.opc.PackageRelationshipCollection - Parsing relationship: /xl/worksheets/_rels/sheet1.xml.rels
14:53:07.161 [TestNG-tests-1] DEBUG org.apache.poi.openxml4j.opc.PackageRelationshipCollection - Parsing relationship: /_rels/.rels
14:53:07.227 [TestNG-tests-1] DEBUG org.apache.poi.openxml4j.opc.PackageRelationshipCollection - Parsing relationship: /xl/_rels/workbook.xml.rels
